running egg_info
writing ../../build/g02_prii3_move_turtlebot/g02_prii3_move_turtlebot.egg-info/PKG-INFO
writing dependency_links to ../../build/g02_prii3_move_turtlebot/g02_prii3_move_turtlebot.egg-info/dependency_links.txt
writing entry points to ../../build/g02_prii3_move_turtlebot/g02_prii3_move_turtlebot.egg-info/entry_points.txt
writing requirements to ../../build/g02_prii3_move_turtlebot/g02_prii3_move_turtlebot.egg-info/requires.txt
writing top-level names to ../../build/g02_prii3_move_turtlebot/g02_prii3_move_turtlebot.egg-info/top_level.txt
reading manifest file '../../build/g02_prii3_move_turtlebot/g02_prii3_move_turtlebot.egg-info/SOURCES.txt'
writing manifest file '../../build/g02_prii3_move_turtlebot/g02_prii3_move_turtlebot.egg-info/SOURCES.txt'
running build
running build_py
running install
running install_lib
running install_data
creating /home/javiermv/UNI/PROYECTOS3/g02_prii3_ws/sprint2/install/g02_prii3_move_turtlebot/share/g02_prii3_move_turtlebot/launch
copying launch/draw_number.launch.py -> /home/javiermv/UNI/PROYECTOS3/g02_prii3_ws/sprint2/install/g02_prii3_move_turtlebot/share/g02_prii3_move_turtlebot/launch
running install_egg_info
removing '/home/javiermv/UNI/PROYECTOS3/g02_prii3_ws/sprint2/install/g02_prii3_move_turtlebot/lib/python3.10/site-packages/g02_prii3_move_turtlebot-0.0.0-py3.10.egg-info' (and everything under it)
Copying ../../build/g02_prii3_move_turtlebot/g02_prii3_move_turtlebot.egg-info to /home/javiermv/UNI/PROYECTOS3/g02_prii3_ws/sprint2/install/g02_prii3_move_turtlebot/lib/python3.10/site-packages/g02_prii3_move_turtlebot-0.0.0-py3.10.egg-info
running install_scripts
Installing draw_number script to /home/javiermv/UNI/PROYECTOS3/g02_prii3_ws/sprint2/install/g02_prii3_move_turtlebot/lib/g02_prii3_move_turtlebot
Installing trail_node script to /home/javiermv/UNI/PROYECTOS3/g02_prii3_ws/sprint2/install/g02_prii3_move_turtlebot/lib/g02_prii3_move_turtlebot
writing list of installed files to '/home/javiermv/UNI/PROYECTOS3/g02_prii3_ws/sprint2/build/g02_prii3_move_turtlebot/install.log'
