running egg_info
creating ../../build/g02_prii3_move_turtlebot/g02_prii3_move_turtlebot.egg-info
writing ../../build/g02_prii3_move_turtlebot/g02_prii3_move_turtlebot.egg-info/PKG-INFO
writing dependency_links to ../../build/g02_prii3_move_turtlebot/g02_prii3_move_turtlebot.egg-info/dependency_links.txt
writing entry points to ../../build/g02_prii3_move_turtlebot/g02_prii3_move_turtlebot.egg-info/entry_points.txt
writing requirements to ../../build/g02_prii3_move_turtlebot/g02_prii3_move_turtlebot.egg-info/requires.txt
writing top-level names to ../../build/g02_prii3_move_turtlebot/g02_prii3_move_turtlebot.egg-info/top_level.txt
writing manifest file '../../build/g02_prii3_move_turtlebot/g02_prii3_move_turtlebot.egg-info/SOURCES.txt'
reading manifest file '../../build/g02_prii3_move_turtlebot/g02_prii3_move_turtlebot.egg-info/SOURCES.txt'
writing manifest file '../../build/g02_prii3_move_turtlebot/g02_prii3_move_turtlebot.egg-info/SOURCES.txt'
running build
running build_py
creating /home/javiermv/UNI/PROYECTOS3/g02_prii3_ws/sprint2/build/g02_prii3_move_turtlebot/build
creating /home/javiermv/UNI/PROYECTOS3/g02_prii3_ws/sprint2/build/g02_prii3_move_turtlebot/build/lib
creating /home/javiermv/UNI/PROYECTOS3/g02_prii3_ws/sprint2/build/g02_prii3_move_turtlebot/build/lib/g02_prii3_move_turtlebot
copying g02_prii3_move_turtlebot/trail_node.py -> /home/javiermv/UNI/PROYECTOS3/g02_prii3_ws/sprint2/build/g02_prii3_move_turtlebot/build/lib/g02_prii3_move_turtlebot
copying g02_prii3_move_turtlebot/draw_number.py -> /home/javiermv/UNI/PROYECTOS3/g02_prii3_ws/sprint2/build/g02_prii3_move_turtlebot/build/lib/g02_prii3_move_turtlebot
copying g02_prii3_move_turtlebot/__init__.py -> /home/javiermv/UNI/PROYECTOS3/g02_prii3_ws/sprint2/build/g02_prii3_move_turtlebot/build/lib/g02_prii3_move_turtlebot
running install
running install_lib
creating /home/javiermv/UNI/PROYECTOS3/g02_prii3_ws/sprint2/install/g02_prii3_move_turtlebot/lib/python3.10/site-packages/g02_prii3_move_turtlebot
copying /home/javiermv/UNI/PROYECTOS3/g02_prii3_ws/sprint2/build/g02_prii3_move_turtlebot/build/lib/g02_prii3_move_turtlebot/trail_node.py -> /home/javiermv/UNI/PROYECTOS3/g02_prii3_ws/sprint2/install/g02_prii3_move_turtlebot/lib/python3.10/site-packages/g02_prii3_move_turtlebot
copying /home/javiermv/UNI/PROYECTOS3/g02_prii3_ws/sprint2/build/g02_prii3_move_turtlebot/build/lib/g02_prii3_move_turtlebot/draw_number.py -> /home/javiermv/UNI/PROYECTOS3/g02_prii3_ws/sprint2/install/g02_prii3_move_turtlebot/lib/python3.10/site-packages/g02_prii3_move_turtlebot
copying /home/javiermv/UNI/PROYECTOS3/g02_prii3_ws/sprint2/build/g02_prii3_move_turtlebot/build/lib/g02_prii3_move_turtlebot/__init__.py -> /home/javiermv/UNI/PROYECTOS3/g02_prii3_ws/sprint2/install/g02_prii3_move_turtlebot/lib/python3.10/site-packages/g02_prii3_move_turtlebot
byte-compiling /home/javiermv/UNI/PROYECTOS3/g02_prii3_ws/sprint2/install/g02_prii3_move_turtlebot/lib/python3.10/site-packages/g02_prii3_move_turtlebot/trail_node.py to trail_node.cpython-310.pyc
byte-compiling /home/javiermv/UNI/PROYECTOS3/g02_prii3_ws/sprint2/install/g02_prii3_move_turtlebot/lib/python3.10/site-packages/g02_prii3_move_turtlebot/draw_number.py to draw_number.cpython-310.pyc
byte-compiling /home/javiermv/UNI/PROYECTOS3/g02_prii3_ws/sprint2/install/g02_prii3_move_turtlebot/lib/python3.10/site-packages/g02_prii3_move_turtlebot/__init__.py to __init__.cpython-310.pyc
running install_data
creating /home/javiermv/UNI/PROYECTOS3/g02_prii3_ws/sprint2/install/g02_prii3_move_turtlebot/share/ament_index
creating /home/javiermv/UNI/PROYECTOS3/g02_prii3_ws/sprint2/install/g02_prii3_move_turtlebot/share/ament_index/resource_index
creating /home/javiermv/UNI/PROYECTOS3/g02_prii3_ws/sprint2/install/g02_prii3_move_turtlebot/share/ament_index/resource_index/packages
copying resource/g02_prii3_move_turtlebot -> /home/javiermv/UNI/PROYECTOS3/g02_prii3_ws/sprint2/install/g02_prii3_move_turtlebot/share/ament_index/resource_index/packages
copying package.xml -> /home/javiermv/UNI/PROYECTOS3/g02_prii3_ws/sprint2/install/g02_prii3_move_turtlebot/share/g02_prii3_move_turtlebot
running install_egg_info
Copying ../../build/g02_prii3_move_turtlebot/g02_prii3_move_turtlebot.egg-info to /home/javiermv/UNI/PROYECTOS3/g02_prii3_ws/sprint2/install/g02_prii3_move_turtlebot/lib/python3.10/site-packages/g02_prii3_move_turtlebot-0.0.0-py3.10.egg-info
running install_scripts
Installing draw_number script to /home/javiermv/UNI/PROYECTOS3/g02_prii3_ws/sprint2/install/g02_prii3_move_turtlebot/lib/g02_prii3_move_turtlebot
Installing trail_node script to /home/javiermv/UNI/PROYECTOS3/g02_prii3_ws/sprint2/install/g02_prii3_move_turtlebot/lib/g02_prii3_move_turtlebot
writing list of installed files to '/home/javiermv/UNI/PROYECTOS3/g02_prii3_ws/sprint2/build/g02_prii3_move_turtlebot/install.log'
